// Jest Snapshot v1, https://goo.gl/fbAQLP

exports[`Inquirerer prompts user and correctly processes delayed input 1`] = `
{
  "_": [
    "asset-lists",
  ],
  "chain": {
    "$schema": "../chain.schema.json",
    "apis": {
      "grpc": [
        {
          "address": "grpc.8ball.nodestake.top:443",
          "provider": "NodeStake",
        },
        {
          "address": "https://grpc.8ball.nodexcapital.com:443",
          "provider": "NodeX Validator",
        },
      ],
      "rest": [
        {
          "address": "https://rest.8ball.info",
          "provider": "8ball",
        },
        {
          "address": "https://api.8ball.nodestake.top",
          "provider": "NodeStake",
        },
        {
          "address": "https://api-8ball.nodine.id/",
          "provider": "Nodine.ID",
        },
      ],
      "rpc": [
        {
          "address": "https://rpc.8ball.info/",
          "provider": "8ball",
        },
        {
          "address": "https://rpc.8ball.nodestake.top",
          "provider": "NodeStake",
        },
      ],
    },
    "bech32_prefix": "8ball",
    "chain_id": "eightball-1",
    "chain_name": "8ball",
    "codebase": {
      "binaries": {
        "linux/amd64": "https://8ball.info/8ball.tar.gz",
      },
      "compatible_versions": [
        "v1",
      ],
      "cosmos_sdk_version": "0.46.7",
      "cosmwasm_enabled": true,
      "genesis": {
        "genesis_url": "https://8ball.info/8ball-genesis.json",
      },
      "git_repo": "https://secp256k1.net/8ball.git",
      "recommended_version": "v1",
      "versions": [
        {
          "binaries": {
            "linux/amd64": "https://8ball.info/8ball.tar.gz",
          },
          "compatible_versions": [
            "v1",
          ],
          "cosmos_sdk_version": "0.46.7",
          "cosmwasm_enabled": true,
          "name": "v1",
          "recommended_version": "v1",
        },
      ],
    },
    "daemon_name": "8ball",
    "explorers": [
      {
        "tx_page": "https://explorer.8ball.info/8ball/tx/\${txHash}",
        "url": "https://explorer.8ball.info/",
      },
      {
        "kind": "ping.pub",
        "tx_page": "https://ping.pub/8ball/tx/\${txHash}",
        "url": "https://ping.pub/8ball",
      },
      {
        "kind": "NodeStake Explorer",
        "tx_page": "https://explorer.nodestake.top/8ball/tx/\${txHash}",
        "url": "https://explorer.nodestake.top/8ball/",
      },
      {
        "kind": "TC Network",
        "tx_page": "https://explorer.tcnetwork.io/8ball/transaction/\${txHash}",
        "url": "https://explorer.tcnetwork.io/8ball",
      },
      {
        "kind": "TC Network",
        "tx_page": "https://explorer.co.id/8ball/tx/\${txHash}",
        "url": "https://explorer.co.id/8ball",
      },
      {
        "kind": "NODEXPLORER",
        "tx_page": "https://explorer.nodexcapital.com/8ball/tx/\${txHash}",
        "url": "https://explorer.nodexcapital.com/8ball",
      },
    ],
    "fees": {
      "fee_tokens": [
        {
          "average_gas_price": 0.025,
          "denom": "uebl",
          "fixed_min_gas_price": 0,
          "high_gas_price": 0.04,
          "low_gas_price": 0,
        },
      ],
    },
    "images": [
      {
        "png": "https://raw.githubusercontent.com/cosmos/chain-registry/master/8ball/images/8ball.png",
        "svg": "https://raw.githubusercontent.com/cosmos/chain-registry/master/8ball/images/8ball.svg",
      },
    ],
    "key_algos": [
      "secp256k1",
    ],
    "logo_URIs": {
      "png": "https://raw.githubusercontent.com/cosmos/chain-registry/master/8ball/images/8ball.png",
      "svg": "https://raw.githubusercontent.com/cosmos/chain-registry/master/8ball/images/8ball.svg",
    },
    "network_type": "mainnet",
    "node_home": "$HOME/.8ball",
    "peers": {
      "persistent_peers": [
        {
          "address": "one.8ball.info:26656",
          "id": "fca96d0a1d7357afb226a49c4c7d9126118c37e9",
          "provider": "8ball",
        },
        {
          "address": "two.8ball.info:26656",
          "id": "aa918e17c8066cd3b031f490f0019c1a95afe7e3",
          "provider": "8ball",
        },
        {
          "address": "rpc.8ball.nodexcapital.com:11056",
          "id": "49778546e7511a1cd6dde65805cd70547c75ce2b",
          "provider": "NodeX Validator",
        },
      ],
      "seeds": [],
    },
    "pretty_name": "8ball",
    "slip44": 118,
    "staking": {
      "staking_tokens": [
        {
          "denom": "uebl",
        },
      ],
    },
    "status": "live",
    "website": "https://8ball.info/",
  },
  "command": "chain",
  "registryDir": "../../packages/chain-registry/chain-registry",
  "tty": true,
}
`;

exports[`Inquirerer prompts user and correctly processes delayed input 2`] = `
[
  "",
  "choose a command
[--command]:
$ 
",
  "> chain
",
  "  asset-lists
",
  "  ibc-data
",
  "  schemas
",
  "",
  "Select a chain:
[--chain]:
$ 
",
  "> 8ball
",
  "  acrechain
",
  "  agoric
",
  "  aioz
",
  "  akash
",
  "  akiro
",
  "  andromeda
",
  "  andromeda1
",
  "  archway
",
  "  arkh
",
  "  assetmantle
",
  "  aura
",
  "  axelar
",
  "  bandchain
",
  "  beezee
",
  "",
]
`;

exports[`Inquirerer prompts user and correctly processes delayed input 3`] = `
[
  "
",
  "
",
]
`;
