// Jest Snapshot v1, https://goo.gl/fbAQLP

exports[`createAliasedImportDeclaration 1`] = `"import { assetList as _mychain } from "mychain";"`;

exports[`createExportAllDeclarations 1`] = `
"export * from "./asset-lists";
export * from "./chains";
export * from "./ibc-data";"
`;

exports[`createExportedArrayDeclaration 1`] = `"export const assetLists: AssetList[] = [_bitcannadev1, _celestiadevnet2, _interwebdevnet];"`;

exports[`createImportDeclaration 1`] = `"import { AssetList, Chain } from "@chain-registry/types";"`;

exports[`createImportsAndExportsAtRootForIndex 1`] = `
"import assetLists from "./asset-lists";
import chains from "./chains";
import ibcData from "./ibc-data";
export default {
  assetLists,
  chains,
  ibcData
};
export { assetLists, chains, ibcData };"
`;

exports[`generateImportExportsAtRoot 1`] = `
"import { ibcData as _mainnet } from "./mainnet";
import { ibcData as _noncosmos } from "./noncosmos";
import { ibcData as _testnets } from "./testnets";
const ibcData: IBCData[] = [..._mainnet, ..._noncosmos, ..._testnets];"
`;

exports[`generateImportsAndExport 1`] = `
"import { assetLists } from "./asset-lists";
import { chains } from "./chains";
export { assetLists, chains };"
`;

exports[`json-to-ast var declaration 1`] = `
"export const assetList: AssetList = {
  $schema: "../assetlist.schema.json",
  chainName: "8ball",
  assets: [{
    description: "The native staking token of 8ball.",
    denomUnits: [{
      denom: "uebl",
      exponent: 0
    }, {
      denom: "ebl",
      exponent: 6
    }],
    base: "uebl",
    name: "8ball",
    display: "ebl",
    "some/property": "goes-here",
    _prop: "goes-here",
    symbol: "EBL",
    logoURIs: {
      png: "https://raw.githubusercontent.com/cosmos/chain-registry/master/8ball/images/8ball.png",
      svg: "https://raw.githubusercontent.com/cosmos/chain-registry/master/8ball/images/8ball.svg"
    },
    coingeckoId: "",
    images: [{
      png: "https://raw.githubusercontent.com/cosmos/chain-registry/master/8ball/images/8ball.png",
      svg: "https://raw.githubusercontent.com/cosmos/chain-registry/master/8ball/images/8ball.svg"
    }]
  }]
};"
`;
